{
  "version": "1.5.0",
  "plugins_used": [
    {
      "name": "ArtifactoryDetector"
    },
    {
      "name": "AWSKeyDetector"
    },
    {
      "name": "AzureStorageKeyDetector"
    },
    {
      "name": "Base64HighEntropyString",
      "limit": 4.5
    },
    {
      "name": "BasicAuthDetector"
    },
    {
      "name": "CloudantDetector"
    },
    {
      "name": "DiscordBotTokenDetector"
    },
    {
      "name": "GitHubTokenDetector"
    },
    {
      "name": "GitLabTokenDetector"
    },
    {
      "name": "HexHighEntropyString",
      "limit": 3.0
    },
    {
      "name": "IbmCloudIamDetector"
    },
    {
      "name": "IbmCosHmacDetector"
    },
    {
      "name": "IPPublicDetector"
    },
    {
      "name": "JwtTokenDetector"
    },
    {
      "name": "KeywordDetector",
      "keyword_exclude": ""
    },
    {
      "name": "MailchimpDetector"
    },
    {
      "name": "NpmDetector"
    },
    {
      "name": "OpenAIDetector"
    },
    {
      "name": "PrivateKeyDetector"
    },
    {
      "name": "PypiTokenDetector"
    },
    {
      "name": "SendGridDetector"
    },
    {
      "name": "SlackDetector"
    },
    {
      "name": "SoftlayerDetector"
    },
    {
      "name": "SquareOAuthDetector"
    },
    {
      "name": "StripeDetector"
    },
    {
      "name": "TelegramBotTokenDetector"
    },
    {
      "name": "TwilioKeyDetector"
    }
  ],
  "filters_used": [
    {
      "path": "detect_secrets.filters.allowlist.is_line_allowlisted"
    },
    {
      "path": "detect_secrets.filters.common.is_baseline_file",
      "filename": ".secrets.baseline"
    },
    {
      "path": "detect_secrets.filters.common.is_ignored_due_to_verification_policies",
      "min_level": 2
    },
    {
      "path": "detect_secrets.filters.heuristic.is_indirect_reference"
    },
    {
      "path": "detect_secrets.filters.heuristic.is_likely_id_string"
    },
    {
      "path": "detect_secrets.filters.heuristic.is_lock_file"
    },
    {
      "path": "detect_secrets.filters.heuristic.is_not_alphanumeric_string"
    },
    {
      "path": "detect_secrets.filters.heuristic.is_potential_uuid"
    },
    {
      "path": "detect_secrets.filters.heuristic.is_prefixed_with_dollar_sign"
    },
    {
      "path": "detect_secrets.filters.heuristic.is_sequential_string"
    },
    {
      "path": "detect_secrets.filters.heuristic.is_swagger_file"
    },
    {
      "path": "detect_secrets.filters.heuristic.is_templated_secret"
    },
    {
      "path": "detect_secrets.filters.regex.should_exclude_file",
      "pattern": [
        "^\\.secrets\\.baseline$"
      ]
    }
  ],
  "results": {
    "kubernetes/base/external-secrets/externalsecrets.yaml": [
      {
        "type": "Secret Keyword",
        "filename": "kubernetes/base/external-secrets/externalsecrets.yaml",
        "hashed_secret": "5baa61e4c9b93f3f0682250b6cf8331b7ee68fd8",
        "is_verified": false,
        "line_number": 35,
        "is_secret": false
      },
      {
        "type": "Secret Keyword",
        "filename": "kubernetes/base/external-secrets/externalsecrets.yaml",
        "hashed_secret": "c51b7904fdbe4a7056b81d5f38f830dbbca67fb1",
        "is_verified": false,
        "line_number": 62,
        "is_secret": false
      }
    ],
    "kubernetes/base/ilm/bootstrap-job.yaml": [
      {
        "type": "Secret Keyword",
        "filename": "kubernetes/base/ilm/bootstrap-job.yaml",
        "hashed_secret": "0cc9efb6d1cea5bebbfe87f314e23f031efa6170",
        "is_verified": false,
        "line_number": 146,
        "is_secret": false
      },
      {
        "type": "Secret Keyword",
        "filename": "kubernetes/base/ilm/bootstrap-job.yaml",
        "hashed_secret": "6246a99eb4b3142e37c792137df6d25bf9a8974b",
        "is_verified": false,
        "line_number": 149,
        "is_secret": false
      },
      {
        "type": "Secret Keyword",
        "filename": "kubernetes/base/ilm/bootstrap-job.yaml",
        "hashed_secret": "37c19376d6fdd36ceb21b1e7d55d4bd21d680f13",
        "is_verified": false,
        "line_number": 154,
        "is_secret": false
      }
    ],
    "kubernetes/base/kibana/kibana.yaml": [
      {
        "type": "Secret Keyword",
        "filename": "kubernetes/base/kibana/kibana.yaml",
        "hashed_secret": "c70e3f6ddbbe4b7296e3bfac75b0b58f7d0ac9f7",
        "is_verified": false,
        "line_number": 24,
        "is_secret": false
      }
    ]
  },
  "generated_at": "2026-08-07T22:09:30Z"
}
